[acm-local.local/index.html]
[acm-local.local/wp-includes/images/w-logo-blue-white-bg.png]
[backblue.gif]
[fade.gif]
[index.html]
[acm-local.local/wp-json/oembed/1.0/embedca6d.json]
[acm-local.local/wp-json/oembed/1.0/embed8143]
[acm-local.local/wp-content/plugins/fulltext-search/style/wpfts_autocompleteedd9.css]
[acm-local.local/wp-content/themes/acm/styledcf7.css]
[acm-local.local/wp-content/themes/acm/css/animations8a54.css]
[acm-local.local/wp-includes/js/jquery/jquery.minf43b.js]
[acm-local.local/wp-includes/js/jquery/jquery-migrate.min5589.js]
[acm-local.local/wp-includes/js/jquery/ui/core.minb37e.js]
[acm-local.local/wp-includes/js/jquery/ui/menu.minb37e.js]
[acm-local.local/wp-includes/js/dist/dom-ready.min379d.js]
[acm-local.local/wp-includes/js/dist/hooks.min394d.js]
[acm-local.local/wp-includes/js/dist/i18n.mineca5.js]
[acm-local.local/wp-includes/js/dist/a11y.min8148.js]
[acm-local.local/wp-includes/js/jquery/ui/autocomplete.minb37e.js]
[acm-local.local/wp-content/plugins/fulltext-search/js/wpfts_frontendedd9.js]
[acm-local.local/wp-json/wp/v2/pages/22.json]
[acm-local.local/wp-json/index.html]
[acm-local.local/www.vcita.com/widgets/active_engage/wordpress.demo/loader2878.js]
[acm-local.local/livesite.js]
[acm-local.local/loader.js]
[acm-local.local/wp-content/themes/acm/favicon.ico]
[acm-local.local/wp-content/plugins/meeting-scheduler-by-vcita/assets/style/widget_v8717.css]
[acm-local.local/wp-content/themes/acm/img/logo.png]
[acm-local.local/wp-content/themes/acm/img/banner.png]
[acm-local.local/wp-content/themes/acm/img/executives/geetanjali-kale.jpg]
[acm-local.local/wp-content/plugins/the-events-calendar/common/build/js/user-agentbec0.js]
[acm-local.local/wp-content/themes/acm/patterns/static/js/maind644.js]
[acm-local.local/about/index.html]
[acm-local.local/wp-content/themes/acm/js/acm.js]
[acm-local.local/wp-content/themes/acm/js/animations8a54.js]
[acm-local.local/index.html]
[unpkg.com/lenis@1.1.13/dist/lenis.min576c.js]
[acm-local.local/wp-content/plugins/fulltext-search/style/wpfts_autocompleteedd9.css]
[acm-local.local/student-chapters/index.html]
[acm-local.local/wp-content/themes/acm/acm-blessed1fe4a.css]
[acm-local.local/wp-content/themes/acm/img/fonts/fontawesome-webfonte0a5.eot]
[acm-local.local/wp-content/themes/acm/img/fonts/fontawesome-webfontd41d.eot]
[acm-local.local/wp-content/themes/acm/img/fonts/fontawesome-webfonte0a5.ttf]
[acm-local.local/wp-content/themes/acm/img/fonts/fontawesome-webfonte0a5.svg]
[acm-local.local/wp-content/themes/acm/img/social-media/twitter.svg]
[acm-local.local/wp-content/themes/acm/img/social-media/linkedin.svg]
[acm-local.local/wp-content/themes/acm/img/social-media/youtube.svg]
[acm-local.local/wp-content/themes/acm/img/social-media/instagram.svg]
[acm-local.local/wp-content/themes/acm/img/social-media/flickr.svg]
[acm-local.local/wp-content/themes/acm/img/social-media/mail.svg]
[acm-local.local/wp-content/themes/acm/img/triangle_bg.png]
[acm-local.local/wp-content/themes/acm/img/tintpattern.png]
[acm-local.local/wp-content/themes/acm/img/gradient.png]
[acm-local.local/wp-content/themes/acm/styledcf7.css]
[acm-local.local/wp-content/themes/acm/css/animations8a54.css]
[acm-local.local/wp-includes/js/jquery/jquery.minf43b.js]
[acm-local.local/wp-includes/js/jquery/jquery-migrate.min5589.js]
[acm-local.local/wp-includes/js/jquery/ui/core.minb37e.js]
[acm-local.local/wp-includes/js/jquery/ui/menu.minb37e.js]
[acm-local.local/wp-includes/js/dist/dom-ready.min379d.js]
[acm-local.local/wp-includes/js/dist/hooks.min394d.js]
[acm-local.local/wp-includes/js/dist/i18n.mineca5.js]
[acm-local.local/wp-includes/js/dist/a11y.min8148.js]
[acm-local.local/wp-includes/js/jquery/ui/autocomplete.minb37e.js]
[acm-local.local/wp-content/plugins/fulltext-search/js/wpfts_frontendedd9.js]
[acm-local.local/wp-admin/admin-ajax.html]
[acm-local.local/www.vcita.com/widgets/active_engage/wordpress.demo/loader2878.html]
[acm-local.local/livesite.html]
[acm-local.local/loader.html]
[acm-local.local/wp-json/tribe/events/v1/index.html]
[acm-local.local/wp-content/plugins/meeting-scheduler-by-vcita/assets/style/widget_v8717.css]
[acm-local.local/wp-json/oembed/1.0/embeda94f.json]
[acm-local.local/wp-json/oembed/1.0/embed4593]
[acm-local.local/wp-json/wp/v2/pages/18.json]
[acm-local.local/about/www.vcita.com/widgets/active_engage/wordpress.demo/loader2878.js]
[acm-local.local/about/livesite.js]
[acm-local.local/about/loader.js]
[acm-local.local/about/index.html]
[acm-local.local/executive-committee/index.html]
[acm-local.local/flagship-events/index.html]
[acm-local.local/wp-json/oembed/1.0/embedfb9d.json]
[acm-local.local/wp-json/oembed/1.0/embedd574]
[acm-local.local/wp-json/wp/v2/pages/27.json]
[acm-local.local/student-chapters/www.vcita.com/widgets/active_engage/wordpress.demo/loader2878.js]
[acm-local.local/student-chapters/livesite.js]
[acm-local.local/student-chapters/loader.js]
[unpkg.com/leaflet@1.9.4/dist/leaflet.css]
[acm-local.local/student-chapters/index.html]
[unpkg.com/leaflet@1.9.4/dist/leaflet.js]
[acm-local.local/wp-content/plugins/the-events-calendar/common/build/js/user-agentbec0.js]
[acm-local.local/wp-content/themes/acm/patterns/static/js/maind644.js]
[acm-local.local/wp-content/themes/acm/js/acm.js]
[acm-local.local/wp-content/themes/acm/js/animations8a54.js]
[acm-local.local/wp-content/themes/fonts/glyphicons-halflings-regular.41.delayed]
[acm-local.local/wp-content/themes/fonts/glyphicons-halflings-regulard41d.eot]
[acm-local.local/wp-content/themes/fonts/glyphicons-halflings-regular.woff]
[acm-local.local/wp-content/themes/fonts/glyphicons-halflings-regular.ttf]
[acm-local.local/wp-content/themes/fonts/glyphicons-halflings-regular.svg]
[acm-local.local/wp-content/themes/acm/acm-blessed1fe4a.css]
[acm-local.local/wp-content/themes/acm/img/fonts/fontawesome-webfonte0a5.svg]
[acm-local.local/wp-content/themes/acm/img/fonts/fontawesome-webfonte0a5.woff2]
[acm-local.local/wp-content/themes/acm/img/fonts/fontawesome-webfonte0a5.woff]
[acm-local.local/wp-content/themes/acm/img/social-media/twitter.svg]
[acm-local.local/wp-content/themes/acm/img/social-media/linkedin.svg]
[acm-local.local/wp-content/themes/acm/img/social-media/youtube.svg]
[acm-local.local/wp-content/themes/acm/img/social-media/instagram.svg]
[acm-local.local/wp-content/themes/acm/img/social-media/flickr.svg]
[acm-local.local/wp-content/themes/acm/img/social-media/mail.svg]
[acm-local.local/wp-content/themes/acm/img/social-media/facebook.svg]
[acm-local.local/index0735.html]
[acm-local.local/about/www.vcita.com/widgets/active_engage/wordpress.demo/loader2878.html]
[acm-local.local/about/livesite.html]
[acm-local.local/about/loader.html]
[acm-local.local/xmlrpc0db0.php]
[acm-local.local/wp-json/oembed/1.0/embedc6c2.json]
[acm-local.local/wp-json/oembed/1.0/embed95cd]
[acm-local.local/wp-json/wp/v2/pages/20.json]
[acm-local.local/executive-committee/www.vcita.com/widgets/active_engage/wordpress.demo/loader2878.js]
[acm-local.local/executive-committee/livesite.js]
[acm-local.local/executive-committee/loader.js]
[acm-local.local/executive-committee/index.html]
[acm-local.local/wp-json/oembed/1.0/embedd74a.json]
[acm-local.local/wp-json/wp/v2/pages/25.json]
[acm-local.local/flagship-events/www.vcita.com/widgets/active_engage/wordpress.demo/loader.4f2878.delayed]
[acm-local.local/flagship-events/livesite.js]
[acm-local.local/flagship-events/loader.js]
[acm-local.local/LadyAda.png]
[acm-local.local/flagship-events/index.html]
[acm-local.local/index1c4a.html]
[acm-local.local/student-chapters/www.vcita.com/widgets/active_engage/wordpress.demo/loader2878.html]
[acm-local.local/student-chapters/livesite.html]
[acm-local.local/student-chapters/loader.html]
[unpkg.com/leaflet@1.9.4/dist/images/layers.png]
[unpkg.com/leaflet@1.9.4/dist/images/layers-2x.png]
[unpkg.com/leaflet@1.9.4/dist/images/marker-icon.png]
[unpkg.com/leaflet@1.9.4/dist/leaflet.css]
[acm-local.local/wp-content/themes/fonts/glyphicons-halflings-regular.html]
[acm-local.local/wp-content/themes/fonts/glyphicons-halflings-regulard41d.html]
[acm-local.local/wp-content/themes/fonts/glyphicons-halflings-regular-2.html]
[acm-local.local/wp-content/themes/fonts/glyphicons-halflings-regular-3.html]
[acm-local.local/wp-content/themes/fonts/glyphicons-halflings-regular-4.html]
[acm-local.local/wp-content/themes/acm/img/social-media/facebook.svg]
[acm-local.local/index341b.html]
[acm-local.local/executive-committee/www.vcita.com/widgets/active_engage/wordpress.demo/loader2878.html]
[acm-local.local/executive-committee/livesite.html]
[acm-local.local/executive-committee/loader.html]
[acm-local.local/index970c.html]
[acm-local.local/flagship-events/www.vcita.com/widgets/active_engage/wordpress.demo/loader2878.html]
[acm-local.local/flagship-events/livesite.html]
[acm-local.local/flagship-events/loader.html]
[acm-local.local/AICWiC.png]
[acm-local.local/wp-json/oembed/1.0/embed36b2]
[{s}.basemaps.cartocdn.com/rastertiles/voyager/{z}/{x}/{y}{r}.png]
